Microchip MPLAB XC8 PIC(R) Assembler V2.41

Linker command line:

-W-3 \
  --edf=C:/Users/juanm/.mchp_packs/Microchip/PIC16Fxxx_DFP/1.4.149/xc8\pic\dat\20230322214319_en.msgs \
  -cs -h+dist/default/production\PIC16F877A-Display7Seg.X.production.sym \
  --cmf=dist/default/production\PIC16F877A-Display7Seg.X.production.cmf -z \
  -Q16F877A -oC:\Users\juanm\AppData\Local\Temp\xcAs8ug.\driver_tmp_3.o \
  --fixupoverflow=error -ver=XC8 PIC(R) Assembler --fixupoverflow=lstwarn \
  -Mdist/default/production/PIC16F877A-Display7Seg.X.production.map -E1 \
  --acfsm=1493 -ACODE=00h-07FFhx4 -ASTRCODE=00h-01FFFh -ASTRING=00h-0FFhx32 \
  -ACONST=00h-0FFhx32 -AENTRY=00h-0FFhx32 -ACOMMON=070h-07Fh \
  -ABANK0=020h-06Fh -ABANK1=0A0h-0EFh -ABANK2=0110h-016Fh \
  -ABANK3=0190h-01EFh -ARAM=020h-06Fh,0A0h-0EFh,0110h-016Fh,0190h-01EFh \
  -AABS1=020h-07Fh,0A0h-0EFh,0110h-016Fh,0190h-01EFh -ASFR0=00h-01Fh \
  -ASFR1=080h-09Fh -ASFR2=0100h-010Fh -ASFR3=0180h-018Fh \
  -ACONFIG=02007h-02007h -DCONFIG=2 -AIDLOC=02000h-02003h -DIDLOC=2 \
  -AEEDATA=00h-0FFh/02100h -DEEDATA=2 -DCODE=2 -DSTRCODE=2 -DSTRING=2 \
  -DCONST=2 -DENTRY=2 build/default/production/Main.o 

Object code version is 3.11

Machine type is 16F877A



                Name                               Link     Load   Length Selector   Space Scale
build/default/production/Main.o
                config                             2007     2007        1        0       4
                INT_VECT                            7DC      7DC       24      FB8       0
                RESET_VECT                          7DB      7DB        1      FB6       0

TOTAL           Name                               Link     Load   Length     Space
        CLASS   CODE           
                INT_VECT                            7DC      7DC       24         0
                RESET_VECT                          7DB      7DB        1         0

        CLASS   STRCODE        

        CLASS   STRING         

        CLASS   CONST          

        CLASS   ENTRY          

        CLASS   COMMON         

        CLASS   BANK0          

        CLASS   BANK1          

        CLASS   BANK2          

        CLASS   BANK3          

        CLASS   RAM            

        CLASS   ABS1           

        CLASS   SFR0           

        CLASS   SFR1           

        CLASS   SFR2           

        CLASS   SFR3           

        CLASS   CONFIG         
                config                             2007     2007        1         4

        CLASS   IDLOC          

        CLASS   EEDATA         



SEGMENTS        Name                           Load    Length   Top    Selector   Space  Class     Delta

                RESET_VECT                     0007DB  000001  0007DC       FB6       0  CODE        2
                INT_VECT                       0007DC  000024  000800       FB8       0  CODE        2


UNUSED ADDRESS RANGES

        Name                Unused          Largest block    Delta
        BANK0            0020-006F             50           1
        BANK1            00A0-00EF             50           1
        BANK2            0110-016F             60           1
        BANK3            0190-01EF             60           1
        CODE             0000-07DA            7DB           2
                         0800-1FFF            800
        COMMON           0070-007F             10           1
        CONST            0000-07DA            100           2
                         0800-1FFF            100
        EEDATA           2100-21FF            100           2
        ENTRY            0000-07DA            100           2
                         0800-1FFF            100
        IDLOC            2000-2003              4           2
        RAM              0020-006F             50           1
                         00A0-00EF             50
                         0110-016F             60
                         0190-01EF             60
        SFR0             0000-001F             20           1
        SFR1             0080-009F             20           1
        SFR2             0100-010F             10           1
        SFR3             0180-018F             10           1
        STRCODE          0000-07DA            7DB           2
                         0800-1FFF           1800
        STRING           0000-07DA            100           2
                         0800-1FFF            100

                                  Symbol Table

__HINT_VECT     INT_VECT     0000  __HRESET_VECT   RESET_VECT   0000
__H__absolute__ __absolute__ 0000  __Hconfig       config       2008
__Hspace_0      (abs)        0800  __Hspace_4      (abs)        400F
__LINT_VECT     INT_VECT     0000  __LRESET_VECT   RESET_VECT   0000
__L__absolute__ __absolute__ 0000  __Lconfig       config       0000
__Lspace_0      (abs)        0000  __Lspace_4      (abs)        0000
__S0            (abs)        0800  
